// Jest Snapshot v1, https://goo.gl/fbAQLP

exports[`Heading with default renders correctly 1`] = `
<h4
  className="sc-AxjAm bJtAKX"
  size="medium"
>
  Test Heading
</h4>
`;
