// Jest Snapshot v1, https://goo.gl/fbAQLP

exports[`Paragraph default renders correctly 1`] = `<p />`;
